# bun 1.4.2, branch @ 867de3c
bun test v1.4.2 (744846f84)

tests/relative-paths.integration.test.mjs:
/tmp/gh-issue-solver-1789545086651/tests
Testing relative paths from tests directory...

1. Testing ./browser-server/test-helper.js
   ✓ Message: Helper module loaded

2. Testing ./browser-server/test-data.json
   ✓ Value: 123
   ✓ Test: data

3. Testing ../src/use.mjs
   ✓ use function exists: true

4. Testing ./browser-server/subfolder/nested.js
   ✓ Nested: true Level: subfolder

5. Testing ./browser-server/subfolder/nested-data.json
   ✓ Level: nested Depth: 1

6. Testing ../package.json
   ✓ Package name: use-m

✅ All direct tests passed!

(node:53695) [DEP0125] DeprecationWarning: The _stream_wrap module is deprecated.
(Use `bun --trace-warnings ...` to show where the warning was created)
(node:53695) [DEP0192] DeprecationWarning: The _tls_common module is deprecated. Use `node:tls` instead.
(node:53695) [DEP0192] DeprecationWarning: The _tls_wrap module is deprecated. Use `node:tls` instead.

 458 pass
 0 fail
 1155 expect() calls
Ran 458 tests across 49 files. [26.42s]
exit=0
