# deno deno 2.9.6 (stable, release, x86_64-unknown-linux-gnu)
[0m[32mCheck[0m tests/builtin-backward-compatibility.test.mjs
[0m[32mCheck[0m tests/builtin-browser.test.mjs
[0m[32mCheck[0m tests/builtin-errors.test.mjs
[0m[32mCheck[0m tests/builtin-nodejs.test.mjs
[0m[32mCheck[0m tests/builtin-universal.test.mjs
[0m[32mCheck[0m tests/command-stream.test.mjs
[0m[32mCheck[0m tests/deno-support.test.mjs
[0m[32mCheck[0m tests/dynamic-builtins.test.mjs
[0m[32mCheck[0m tests/esm-sh-polyfill-browser.test.mjs
[0m[32mCheck[0m tests/fallback.test.mjs
[0m[32mCheck[0m tests/filename.test.mjs
[0m[32mCheck[0m tests/fs-promises.test.mjs
[0m[32mCheck[0m tests/get-script-url.test.mjs
[0m[32mCheck[0m tests/import.test.mjs
[0m[32mCheck[0m tests/load.test.mjs
[0m[32mCheck[0m tests/loader.test.mjs
[0m[32mCheck[0m tests/lodash.test.mjs
[0m[32mCheck[0m tests/module-specifier.test.mjs
[0m[32mCheck[0m tests/network-imports.test.mjs
[0m[32mCheck[0m tests/npm-global-prefix.test.mjs
[0m[32mCheck[0m tests/relative-paths-browser.test.mjs
[0m[32mCheck[0m tests/relative-paths.integration.test.mjs
[0m[32mCheck[0m tests/relative-paths.test.mjs
[0m[32mCheck[0m tests/release-workflow-policy.test.mjs
[0m[32mCheck[0m tests/resolvers.test.mjs
[0m[32mCheck[0m tests/root-entries.test.mjs
[0m[32mCheck[0m tests/script-sync.test.mjs
[0m[32mCheck[0m tests/typescript.test.mjs
[0m[32mCheck[0m tests/use.test.mjs
[0m[38;5;245mrunning 1 test from ./tests/builtin-backward-compatibility.test.mjs[0m
[mjs module] Backward compatibility of previously hardcoded built-ins ...
  [mjs module] 'console' still resolves with its documented exports ... [0m[32mok[0m [0m[38;5;245m(80ms)[0m
  [mjs module] 'crypto' still resolves with its documented exports ... [0m[32mok[0m [0m[38;5;245m(18ms)[0m
  [mjs module] 'url' still resolves with its documented exports ... [0m[32mok[0m [0m[38;5;245m(2ms)[0m
  [mjs module] 'performance' still resolves with its documented exports ... [0m[32mok[0m [0m[38;5;245m(6ms)[0m
  [mjs module] 'fs' still resolves with its documented exports ... [0m[32mok[0m [0m[38;5;245m(28ms)[0m
  [mjs module] 'fs/promises' still resolves with its documented exports ... [0m[32mok[0m [0m[38;5;245m(5ms)[0m
  [mjs module] 'dns/promises' still resolves with its documented exports ... [0m[32mok[0m [0m[38;5;245m(9ms)[0m
  [mjs module] 'stream/promises' still resolves with its documented exports ... [0m[32mok[0m [0m[38;5;245m(2ms)[0m
  [mjs module] 'readline/promises' still resolves with its documented exports ... [0m[32mok[0m [0m[38;5;245m(4ms)[0m
  [mjs module] 'timers/promises' still resolves with its documented exports ... [0m[32mok[0m [0m[38;5;245m(2ms)[0m
  [mjs module] 'path' still resolves with its documented exports ... [0m[32mok[0m [0m[38;5;245m(1ms)[0m
  [mjs module] 'os' still resolves with its documented exports ... [0m[32mok[0m [0m[38;5;245m(4ms)[0m
  [mjs module] 'util' still resolves with its documented exports ... [0m[32mok[0m [0m[38;5;245m(2ms)[0m
  [mjs module] 'events' still resolves with its documented exports ... [0m[32mok[0m [0m[38;5;245m(2ms)[0m
  [mjs module] 'stream' still resolves with its documented exports ... [0m[32mok[0m [0m[38;5;245m(3ms)[0m
  [mjs module] 'buffer' still resolves with its documented exports ... [0m[32mok[0m [0m[38;5;245m(2ms)[0m
  [mjs module] 'process' still resolves with its documented exports ... [0m[32mok[0m [0m[38;5;245m(1ms)[0m
  [mjs module] 'child_process' still resolves with its documented exports ... [0m[32mok[0m [0m[38;5;245m(23ms)[0m
  [mjs module] 'http' still resolves with its documented exports ... [0m[32mok[0m [0m[38;5;245m(17ms)[0m
  [mjs module] 'https' still resolves with its documented exports ... [0m[32mok[0m [0m[38;5;245m(6ms)[0m
  [mjs module] 'net' still resolves with its documented exports ... [0m[32mok[0m [0m[38;5;245m(1ms)[0m
  [mjs module] 'dns' still resolves with its documented exports ... [0m[32mok[0m [0m[38;5;245m(1ms)[0m
  [mjs module] 'zlib' still resolves with its documented exports ... [0m[32mok[0m [0m[38;5;245m(7ms)[0m
  [mjs module] 'querystring' still resolves with its documented exports ... [0m[32mok[0m [0m[38;5;245m(2ms)[0m
  [mjs module] 'assert' still resolves with its documented exports ... [0m[32mok[0m [0m[38;5;245m(2ms)[0m
  [mjs module] every previously hardcoded built-in is still claimed by the builtin resolver ... [0m[32mok[0m [0m[38;5;245m(4ms)[0m
  [mjs module] resolved built-ins expose every named export of the runtime's own module ... [0m[32mok[0m [0m[38;5;245m(14ms)[0m
  [mjs module] resolved built-ins keep the runtime's own default export ... [0m[32mok[0m [0m[38;5;245m(16ms)[0m
  [mjs module] 'events' and 'stream' keep their historical default exports ... [0m[32mok[0m [0m[38;5;245m(1ms)[0m
  [mjs module] 'assert' stays callable through its default export ... [0m[32mok[0m [0m[38;5;245m(9ms)[0m
  [mjs module] 'process' keeps the properties the Deno-specific branch used to copy ... [0m[32mok[0m [0m[38;5;245m(2ms)[0m
  [mjs module] 'performance' still maps onto the performance object ... [0m[32mok[0m [0m[38;5;245m(4ms)[0m
  [mjs module] rebuilt built-ins keep the full surface of the runtime's module ... [0m[32mok[0m [0m[38;5;245m(2ms)[0m
  [mjs module] built-ins resolve identically with and without the node: prefix ... [0m[32mok[0m [0m[38;5;245m(33ms)[0m
[mjs module] Backward compatibility of previously hardcoded built-ins ... [0m[32mok[0m [0m[38;5;245m(367ms)[0m
[0m[38;5;245mrunning 1 test from ./tests/builtin-browser.test.mjs[0m
[mjs module] Universal built-in modules in browser ...
  Browser tests are skipped in Deno environment ... [0m[33mignored[0m [0m[38;5;245m(0ms)[0m
[mjs module] Universal built-in modules in browser ... [0m[32mok[0m [0m[38;5;245m(1ms)[0m
[0m[38;5;245mrunning 1 test from ./tests/builtin-errors.test.mjs[0m
[mjs module] Built-in module error handling ...
  [mjs module] should return null for non-builtin modules from builtin resolver ... [0m[32mok[0m [0m[38;5;245m(51ms)[0m
  [mjs module] should throw error for unsupported builtin modules ... [0m[32mok[0m [0m[38;5;245m(1ms)[0m
  [mjs module] should handle modules not available in browser environment ... [0m[32mok[0m [0m[38;5;245m(4ms)[0m
  [mjs module] should only work with exact lowercase module names ...[0m[32mDownload[0m https://esm.sh/URL@latest
 [0m[32mok[0m [0m[38;5;245m(467ms)[0m
  [mjs module] should handle node: prefix removal correctly ... [0m[32mok[0m [0m[38;5;245m(50ms)[0m
  [mjs module] should throw meaningful errors for import failures ... [0m[32mok[0m [0m[38;5;245m(0ms)[0m
  [mjs module] builtin resolver should handle empty/invalid module specifiers gracefully ... [0m[32mok[0m [0m[38;5;245m(2ms)[0m
  [mjs module] should handle modules with special characters in names ... [0m[32mok[0m [0m[38;5;245m(1ms)[0m
[mjs module] Built-in module error handling ... [0m[32mok[0m [0m[38;5;245m(629ms)[0m
[0m[38;5;245mrunning 1 test from ./tests/builtin-nodejs.test.mjs[0m
[mjs module] Node.js/Bun-only built-in modules ...
  [mjs module] fs module should work ... [0m[32mok[0m [0m[38;5;245m(100ms)[0m
  [mjs module] path module should work ... [0m[32mok[0m [0m[38;5;245m(23ms)[0m
  [mjs module] os module should work ... [0m[32mok[0m [0m[38;5;245m(12ms)[0m
  [mjs module] util module should work ... [0m[32mok[0m [0m[38;5;245m(24ms)[0m
  [mjs module] events module should work ... [0m[32mok[0m [0m[38;5;245m(6ms)[0m
  [mjs module] stream module should work ... [0m[32mok[0m [0m[38;5;245m(1ms)[0m
  [mjs module] buffer module should work ... [0m[32mok[0m [0m[38;5;245m(3ms)[0m
  [mjs module] process module should work ... [0m[32mok[0m [0m[38;5;245m(1ms)[0m
  [mjs module] child_process module should work ... [0m[32mok[0m [0m[38;5;245m(7ms)[0m
  [mjs module] http module should work ... [0m[32mok[0m [0m[38;5;245m(18ms)[0m
  [mjs module] https module should work ... [0m[32mok[0m [0m[38;5;245m(12ms)[0m
  [mjs module] net module should work ... [0m[32mok[0m [0m[38;5;245m(0ms)[0m
  [mjs module] dns module should work ... [0m[32mok[0m [0m[38;5;245m(5ms)[0m
  [mjs module] zlib module should work ... [0m[32mok[0m [0m[38;5;245m(7ms)[0m
  [mjs module] querystring module should work ... [0m[32mok[0m [0m[38;5;245m(4ms)[0m
  [mjs module] assert module should work ... [0m[32mok[0m [0m[38;5;245m(6ms)[0m
  [mjs module] all modules should work with node: prefix ... [0m[32mok[0m [0m[38;5;245m(3ms)[0m
[mjs module] Node.js/Bun-only built-in modules ... [0m[32mok[0m [0m[38;5;245m(272ms)[0m
[0m[38;5;245mrunning 1 test from ./tests/builtin-universal.test.mjs[0m
[mjs module] Universal built-in modules (work in all environments) ...
  [mjs module] console module should work ... [0m[32mok[0m [0m[38;5;245m(55ms)[0m
  [mjs module] crypto module should work ... [0m[32mok[0m [0m[38;5;245m(30ms)[0m
  [mjs module] url module should work ... [0m[32mok[0m [0m[38;5;245m(2ms)[0m
  [mjs module] performance module should work ... [0m[32mok[0m [0m[38;5;245m(2ms)[0m
  [mjs module] modules should work with node: prefix ... [0m[32mok[0m [0m[38;5;245m(2ms)[0m
[mjs module] Universal built-in modules (work in all environments) ... [0m[32mok[0m [0m[38;5;245m(122ms)[0m
[0m[38;5;245mrunning 1 test from ./tests/command-stream.test.mjs[0m
[mjs module] command-stream module import ...
  [mjs module] Direct ESM Import ...[0m[32mDownload[0m https://esm.sh/command-stream@0.0.5
[0m[32mDownload[0m https://esm.sh/command-stream@0.0.5/denonext/command-stream.mjs
 [0m[32mok[0m [0m[38;5;245m(357ms)[0m
  [mjs module] Dynamic ESM Import of CJS ... [0m[32mok[0m [0m[38;5;245m(44ms)[0m
  [mjs module] Dynamic ESM Import of MJS ... [0m[32mok[0m [0m[38;5;245m(17ms)[0m
[mjs module] command-stream module import ... [0m[32mok[0m [0m[38;5;245m(452ms)[0m
[0m[38;5;245mrunning 1 test from ./tests/deno-support.test.mjs[0m
[mjs module] Deno support ...
  [mjs module] Deno resolver should resolve npm packages to esm.sh ... [0m[32mok[0m [0m[38;5;245m(2ms)[0m
  [mjs module] Deno resolver should handle scoped packages ... [0m[32mok[0m [0m[38;5;245m(0ms)[0m
  [mjs module] Deno resolver should handle module paths ... [0m[32mok[0m [0m[38;5;245m(0ms)[0m
  [mjs module] Deno resolver should handle latest version ... [0m[32mok[0m [0m[38;5;245m(1ms)[0m
  [mjs module] makeUse should detect Deno runtime when Deno global is present ... [0m[32mok[0m [0m[38;5;245m(75ms)[0m
  [mjs module] Deno resolver should work with complex package names ... [0m[32mok[0m [0m[38;5;245m(5ms)[0m
  [mjs module] Deno resolver should handle packages without versions ... [0m[32mok[0m [0m[38;5;245m(0ms)[0m
  [mjs module] makeUse with explicit deno resolver ... [0m[32mok[0m [0m[38;5;245m(1ms)[0m
[mjs module] Deno support ... [0m[32mok[0m [0m[38;5;245m(213ms)[0m
[0m[38;5;245mrunning 1 test from ./tests/dynamic-builtins.test.mjs[0m
[mjs module] Dynamic built-in module detection ...
  [mjs module] tty module should work (dynamically detected) ... [0m[32mok[0m [0m[38;5;245m(20ms)[0m
  [mjs module] cluster module should work (dynamically detected) ... [0m[32mok[0m [0m[38;5;245m(3ms)[0m
  [mjs module] readline module should work (dynamically detected) ... [0m[32mok[0m [0m[38;5;245m(3ms)[0m
  [mjs module] string_decoder module should work (dynamically detected) ... [0m[32mok[0m [0m[38;5;245m(1ms)[0m
  [mjs module] timers module should work (dynamically detected) ... [0m[32mok[0m [0m[38;5;245m(3ms)[0m
  [mjs module] worker_threads module should work (dynamically detected) ... [0m[32mok[0m [0m[38;5;245m(4ms)[0m
  [mjs module] vm module should work (dynamically detected) ... [0m[32mok[0m [0m[38;5;245m(3ms)[0m
  [mjs module] node:tty should work with prefix ... [0m[32mok[0m [0m[38;5;245m(1ms)[0m
  [mjs module] subpath built-ins should work (dns/promises, stream/promises) ... [0m[32mok[0m [0m[38;5;245m(2ms)[0m
  [mjs module] every built-in reported by node:module should be claimed by the builtin resolver ... [0m[32mok[0m [0m[38;5;245m(109ms)[0m
  [mjs module] prefix-only built-ins should not shadow npm packages of the same name ... [0m[32mok[0m [0m[38;5;245m(0ms)[0m
  [mjs module] unknown module names should not be claimed as built-ins ... [0m[32mok[0m [0m[38;5;245m(0ms)[0m
[mjs module] Dynamic built-in module detection ... [0m[32mok[0m [0m[38;5;245m(161ms)[0m
[0m[38;5;245mrunning 1 test from ./tests/esm-sh-polyfill-browser.test.mjs[0m
[mjs module] esm.sh browser polyfill handling ...
  Browser tests are skipped in Deno environment ... [0m[33mignored[0m [0m[38;5;245m(1ms)[0m
[mjs module] esm.sh browser polyfill handling ... [0m[32mok[0m [0m[38;5;245m(40ms)[0m
[0m[38;5;245mrunning 2 tests from ./tests/fallback.test.mjs[0m
[mjs module] loadWithFallback (shared engine) ...
  [mjs module] returns the first source's result without trying later ones ... [0m[32mok[0m [0m[38;5;245m(2ms)[0m
  [mjs module] falls back to a later source when earlier ones fail ... [0m[32mok[0m [0m[38;5;245m(10ms)[0m
  [mjs module] retries a flaky source before succeeding ... [0m[32mok[0m [0m[38;5;245m(0ms)[0m
  [mjs module] throws ONE aggregated error listing every attempt ... [0m[32mok[0m [0m[38;5;245m(10ms)[0m
  [mjs module] rejects empty or non-array sources ... [0m[32mok[0m [0m[38;5;245m(1ms)[0m
  [mjs module] rejects a missing load function ... [0m[32mok[0m [0m[38;5;245m(0ms)[0m
[mjs module] loadWithFallback (shared engine) ... [0m[32mok[0m [0m[38;5;245m(34ms)[0m
[mjs module] makeUse per-package CDN fallback ...
  [mjs module] falls back to the next mirror when one import fails ... [0m[32mok[0m [0m[38;5;245m(75ms)[0m
  [mjs module] throws a clear aggregated error when every mirror fails ... [0m[32mok[0m [0m[38;5;245m(1ms)[0m
  [mjs module] a single explicit resolver imports directly with its raw error (no aggregation) ... [0m[32mok[0m [0m[38;5;245m(1ms)[0m
  [mjs module] a single-entry specifierResolvers chain also imports directly ... [0m[32mok[0m [0m[38;5;245m(1ms)[0m
  [mjs module] exposes the default mirror chains ... [0m[32mok[0m [0m[38;5;245m(0ms)[0m
[mjs module] makeUse per-package CDN fallback ... [0m[32mok[0m [0m[38;5;245m(112ms)[0m
[0m[38;5;245mrunning 3 tests from ./tests/filename.test.mjs[0m
[mjs module] scriptPath detection in ESM (functional) ...
  [mjs module] default pathResolver resolves modules relative to use.mjs ... [0m[32mok[0m [0m[38;5;245m(29ms)[0m
  [mjs module] override scriptPath resolves relative to provided path ... [0m[32mok[0m [0m[38;5;245m(2ms)[0m
[mjs module] scriptPath detection in ESM (functional) ... [0m[32mok[0m [0m[38;5;245m(68ms)[0m
[mjs module] scriptPath detection in ESM (createRequire fallback) ...
  [mjs module] fallback default resolves modules relative to use.mjs ... [0m[32mok[0m [0m[38;5;245m(1ms)[0m
  [mjs module] fallback explicit scriptPath resolves relative to provided path ... [0m[32mok[0m [0m[38;5;245m(4ms)[0m
  [mjs module] fallback meta override changes pathResolver behavior in ESM ... [0m[32mok[0m [0m[38;5;245m(1ms)[0m
[mjs module] scriptPath detection in ESM (createRequire fallback) ... [0m[32mok[0m [0m[38;5;245m(13ms)[0m
[mjs module] scriptPath detection in ESM (meta URL) ...
  [mjs module] meta override resolves modules relative to provided meta URL (use.js) ... [0m[32mok[0m [0m[38;5;245m(1ms)[0m
[mjs module] scriptPath detection in ESM (meta URL) ... [0m[32mok[0m [0m[38;5;245m(1ms)[0m
[0m[38;5;245mrunning 1 test from ./tests/fs-promises.test.mjs[0m
mjs module fs/promises support ...
  mjs module fs/promises should return promise-based functions ... [0m[32mok[0m [0m[38;5;245m(124ms)[0m
  mjs module fs/promises should work functionally ... [0m[32mok[0m [0m[38;5;245m(21ms)[0m
  mjs module fs/promises should expose every function the runtime ships ... [0m[32mok[0m [0m[38;5;245m(4ms)[0m
  mjs module fs/promises should forward arguments beyond the declared arity ... [0m[32mok[0m [0m[38;5;245m(19ms)[0m
  mjs module fs/promises should differ from regular fs ... [0m[32mok[0m [0m[38;5;245m(2ms)[0m
  mjs module fs/promises should report the same arity on every runtime ... [0m[32mok[0m [0m[38;5;245m(2ms)[0m
  mjs module every rebuilt fs/promises function should be a named async function ... [0m[32mok[0m [0m[38;5;245m(1ms)[0m
  mjs module fs/promises watch should be the runtime's promise watcher, not fs.watch ... [0m[32mok[0m [0m[38;5;245m(5ms)[0m
  mjs module rebuilt fs/promises functions should work end to end ... [0m[32mok[0m [0m[38;5;245m(23ms)[0m
mjs module fs/promises support ... [0m[32mok[0m [0m[38;5;245m(321ms)[0m
[0m[38;5;245mrunning 1 test from ./tests/get-script-url.test.mjs[0m
[mjs module] import.meta.url workaround ...
  [mjs module] scriptUrl matches import.meta.url ... [0m[32mok[0m [0m[38;5;245m(25ms)[0m
  [mjs module] scriptUrl matches import.meta.url in eval ... [0m[32mok[0m [0m[38;5;245m(3ms)[0m
[mjs module] import.meta.url workaround ... [0m[32mok[0m [0m[38;5;245m(34ms)[0m
[0m[38;5;245mrunning 1 test from ./tests/import.test.mjs[0m
[mjs module] dynamic import support ...
  [mjs module] supportsDynamicImport returns true in .mjs file ... [0m[32mok[0m [0m[38;5;245m(9ms)[0m
[mjs module] dynamic import support ... [0m[32mok[0m [0m[38;5;245m(21ms)[0m
[0m[38;5;245mrunning 3 tests from ./tests/load.test.mjs[0m
[mjs module] looksLikeUseModule ...
  [mjs module] accepts the real shipped use.js ... [0m[32mok[0m [0m[38;5;245m(7ms)[0m
  [mjs module] accepts a long module-like body ... [0m[32mok[0m [0m[38;5;245m(1ms)[0m
  [mjs module] rejects common CDN plain-text error bodies ... [0m[32mok[0m [0m[38;5;245m(1ms)[0m
  [mjs module] rejects HTML error pages ... [0m[32mok[0m [0m[38;5;245m(0ms)[0m
  [mjs module] rejects empty, whitespace, short, and non-string input ... [0m[32mok[0m [0m[38;5;245m(0ms)[0m
[mjs module] looksLikeUseModule ... [0m[32mok[0m [0m[38;5;245m(41ms)[0m
[mjs module] DEFAULT_SOURCES ...
  [mjs module] lists unpkg, jsDelivr and esm.sh in priority order ... [0m[32mok[0m [0m[38;5;245m(2ms)[0m
[mjs module] DEFAULT_SOURCES ... [0m[32mok[0m [0m[38;5;245m(1ms)[0m
[mjs module] loadUseM ...
  [mjs module] resolves the use object from the first working source ... [0m[32mok[0m [0m[38;5;245m(3ms)[0m
  [mjs module] evaluates the real shipped use.js into a working module ... [0m[32mok[0m [0m[38;5;245m(17ms)[0m
  [mjs module] falls back to a later mirror when earlier ones fail ... [0m[32mok[0m [0m[38;5;245m(3ms)[0m
  [mjs module] retries a flaky source before succeeding ... [0m[32mok[0m [0m[38;5;245m(1ms)[0m
  [mjs module] throws a clear aggregated error (not SyntaxError) when every source fails ... [0m[32mok[0m [0m[38;5;245m(1ms)[0m
  [mjs module] surfaces the HTTP status for non-ok responses ... [0m[32mok[0m [0m[38;5;245m(1ms)[0m
  [mjs module] rejects when the evaluated module lacks a use function ... [0m[32mok[0m [0m[38;5;245m(23ms)[0m
  [mjs module] does not let eval errors from a malformed body escape ... [0m[32mok[0m [0m[38;5;245m(1ms)[0m
  [mjs module] reports a clear error when fetch is unavailable ... [0m[32mok[0m [0m[38;5;245m(4ms)[0m
  [mjs module] honors a custom evaluate hook ... [0m[32mok[0m [0m[38;5;245m(0ms)[0m
  [mjs module] times out a hanging request and reports it ... [0m[32mok[0m [0m[38;5;245m(55ms)[0m
[mjs module] loadUseM ... [0m[32mok[0m [0m[38;5;245m(172ms)[0m
[0m[38;5;245mrunning 1 test from ./tests/loader.test.mjs[0m
[mjs module] loader resolve hook ...
  [mjs module] returns the default resolver's result when it succeeds ... [0m[32mok[0m [0m[38;5;245m(2ms)[0m
  [mjs module] falls back to the npm resolver when the default resolver throws ... [0m[32mok[0m [0m[38;5;245m(371ms)[0m
  [mjs module] surfaces a clear aggregated error when BOTH resolvers fail ... [0m[32mok[0m [0m[38;5;245m(929ms)[0m
[mjs module] loader resolve hook ... [0m[32mok[0m [0m[38;5;245m(1s)[0m
[0m[38;5;245mrunning 1 test from ./tests/lodash.test.mjs[0m
[mjs module] 'lodash' imports tests ...
  [mjs module] npm: lodash ...[0m[32mDownload[0m https://esm.sh/lodash@latest
[0m[32mDownload[0m https://esm.sh/lodash@4.18.1
[0m[32mDownload[0m https://esm.sh/lodash@4.18.1/denonext/lodash.mjs
 [0m[32mok[0m [0m[38;5;245m(518ms)[0m
  [mjs module] npm: lodash@latest ... [0m[32mok[0m [0m[38;5;245m(2ms)[0m
  [mjs module] npm: lodash@ ... [0m[32mok[0m [0m[38;5;245m(1ms)[0m
  [mjs module] npm: lodash@4.17.21 ...[0m[32mDownload[0m https://esm.sh/lodash@4.17.21
[0m[32mDownload[0m https://esm.sh/lodash@4.17.21/denonext/lodash.mjs
 [0m[32mok[0m [0m[38;5;245m(235ms)[0m
  [mjs module] npm: lodash@4.17.21/add ...[0m[32mDownload[0m https://esm.sh/lodash@4.17.21/add
[0m[32mDownload[0m https://esm.sh/lodash@4.17.21/denonext/add.mjs
 [0m[32mok[0m [0m[38;5;245m(250ms)[0m
[0m[32mDownload[0m https://esm.sh/lodash@4.17.21/add.js
  [mjs module] npm: lodash@4.17.21/add.js ... [0m[32mok[0m [0m[38;5;245m(119ms)[0m
  [mjs module] npm: lodash@4.17.21/not-found.js ...[0m[32mDownload[0m https://esm.sh/lodash@4.17.21/not-found.js
 [0m[32mok[0m [0m[38;5;245m(641ms)[0m
[mjs module] 'lodash' imports tests ... [0m[32mok[0m [0m[38;5;245m(1s)[0m
[0m[38;5;245mrunning 1 test from ./tests/module-specifier.test.mjs[0m
[mjs module] parseModuleSpecifier ...
  [mjs module] parses package with name and version ... [0m[32mok[0m [0m[38;5;245m(3ms)[0m
  [mjs module] parses scoped package with name and version ... [0m[32mok[0m [0m[38;5;245m(1ms)[0m
  [mjs module] parses package with name, version, and inner path ... [0m[32mok[0m [0m[38;5;245m(0ms)[0m
  [mjs module] parses package with name, version, and inner path with latest ... [0m[32mok[0m [0m[38;5;245m(1ms)[0m
  [mjs module] parses scoped package with name, version, and inner path ... [0m[32mok[0m [0m[38;5;245m(1ms)[0m
  [mjs module] parses package with name only ... [0m[32mok[0m [0m[38;5;245m(0ms)[0m
  [mjs module] parses scoped package with name only ... [0m[32mok[0m [0m[38;5;245m(1ms)[0m
  [mjs module] parses yargs@17.7.2/helpers ... [0m[32mok[0m [0m[38;5;245m(0ms)[0m
  [mjs module] parses yargs@latest/helpers ... [0m[32mok[0m [0m[38;5;245m(1ms)[0m
  [mjs module] parses yargs/helpers ... [0m[32mok[0m [0m[38;5;245m(1ms)[0m
  [mjs module] throws error for invalid package identifier ... [0m[32mok[0m [0m[38;5;245m(1ms)[0m
[mjs module] parseModuleSpecifier ... [0m[32mok[0m [0m[38;5;245m(84ms)[0m
[0m[38;5;245mrunning 1 test from ./tests/network-imports.test.mjs[0m
[mjs module] imports using --experimental-network-imports ...
  [mjs module] Import using --experimental-network-imports for CJS file ... [0m[32mok[0m [0m[38;5;245m(142ms)[0m
  [mjs module] Import using --experimental-network-imports for MJS file ... [0m[32mok[0m [0m[38;5;245m(26ms)[0m
[mjs module] imports using --experimental-network-imports ... [0m[32mok[0m [0m[38;5;245m(176ms)[0m
[0m[38;5;245mrunning 1 test from ./tests/npm-global-prefix.test.mjs[0m
global ...
  [mjs module] npm global prefix handling ...
    [mjs module] keeps latest and pinned aliases loadable when they share a package binary ... [0m[32mok[0m [0m[38;5;245m(1ms)[0m
    [mjs module] never force-installs over an unrelated global executable ... [0m[32mok[0m [0m[38;5;245m(0ms)[0m
    [mjs module] redirects installs to use-m cache when npm global root is not writable ... [0m[32mok[0m [0m[38;5;245m(0ms)[0m
    [mjs module] keeps the configured npm root when it is writable ... [0m[32mok[0m [0m[38;5;245m(0ms)[0m
    [mjs module] respects an explicit npm_config_prefix override ... [0m[32mok[0m [0m[38;5;245m(1ms)[0m
    [mjs module] retries transient npm install failures and removes partial aliases ... [0m[32mok[0m [0m[38;5;245m(1ms)[0m
    [mjs module] reports captured npm output and cleans up after exhausted retries ... [0m[32mok[0m [0m[38;5;245m(0ms)[0m
    [mjs module] gives corrupt-alias cleanup a recursive rm retry budget ... [0m[32mok[0m [0m[38;5;245m(0ms)[0m
    [mjs module] repairs a truncated entry point and bypasses the cached syntax failure ... [0m[32mok[0m [0m[38;5;245m(1ms)[0m
    [mjs module] repairs an alias missing an internal ESM dependency ... [0m[32mok[0m [0m[38;5;245m(1ms)[0m
    [mjs module] repairs an alias with invalid package metadata ... [0m[32mok[0m [0m[38;5;245m(0ms)[0m
    [mjs module] repairs an alias whose declared entry point is missing ... [0m[32mok[0m [0m[38;5;245m(0ms)[0m
    [mjs module] does not reinstall for an unrelated unwrapped missing-module error ... [0m[32mok[0m [0m[38;5;245m(0ms)[0m
    [mjs module] collapses concurrent requests for one package into a single install ... [0m[32mok[0m [0m[38;5;245m(0ms)[0m
    [mjs module] keeps a shared failed install retryable ... [0m[32mok[0m [0m[38;5;245m(0ms)[0m
    [mjs module] never lets separate processes install one alias at the same time ... [0m[32mok[0m [0m[38;5;245m(0ms)[0m
  [mjs module] npm global prefix handling ... [0m[32mok[0m [0m[38;5;245m(92ms)[0m
global ... [0m[32mok[0m [0m[38;5;245m(142ms)[0m
[0m[38;5;245mrunning 1 test from ./tests/relative-paths-browser.test.mjs[0m
[mjs module] Relative path resolution in browser ...
  Browser tests are skipped in Deno environment ... [0m[33mignored[0m [0m[38;5;245m(0ms)[0m
[mjs module] Relative path resolution in browser ... [0m[32mok[0m [0m[38;5;245m(4ms)[0m
[0m[38;5;245mrunning 1 test from ./tests/relative-paths.integration.test.mjs[0m
[mjs module] Relative Path Resolution (Integration) ...
  [mjs module] relative paths should work when run directly with Node.js ...
[0m[38;5;245m------- post-test output -------[0m
/tmp/gh-issue-solver-1789545086651/tests
Testing relative paths from tests directory...

1. Testing ./browser-server/test-helper.js
   ✓ Message: Helper module loaded

2. Testing ./browser-server/test-data.json
   ✓ Value: 123
   ✓ Test: data

3. Testing ../src/use.mjs
   ✓ use function exists: true

4. Testing ./browser-server/subfolder/nested.js
   ✓ Nested: true Level: subfolder

5. Testing ./browser-server/subfolder/nested-data.json
   ✓ Level: nested Depth: 1

6. Testing ../package.json
   ✓ Package name: use-m

✅ All direct tests passed!

[0m[38;5;245m----- post-test output end -----[0m
  [mjs module] relative paths should work when run directly with Node.js ... [0m[32mok[0m [0m[38;5;245m(364ms)[0m
[mjs module] Relative Path Resolution (Integration) ... [0m[32mok[0m [0m[38;5;245m(421ms)[0m
[0m[38;5;245mrunning 1 test from ./tests/relative-paths.test.mjs[0m
Relative Path Resolution ...
  should import JS file from same directory using ./ ... [0m[32mok[0m [0m[38;5;245m(40ms)[0m
  should import JSON file from same directory using ./ ... [0m[32mok[0m [0m[38;5;245m(8ms)[0m
  should import JS file from parent directory using ../ ... [0m[32mok[0m [0m[38;5;245m(3ms)[0m
  should import from subdirectory using ./subfolder/ ... [0m[32mok[0m [0m[38;5;245m(2ms)[0m
  should import JSON from subdirectory ... [0m[32mok[0m [0m[38;5;245m(3ms)[0m
  should handle complex relative paths (../) ... [0m[32mok[0m [0m[38;5;245m(10ms)[0m
  should work with mixed relative and npm imports ... [0m[32mok[0m [0m[38;5;245m(76ms)[0m
  should maintain correct context for nested relative imports ... [0m[32mok[0m [0m[38;5;245m(8ms)[0m
Relative Path Resolution ... [0m[32mok[0m [0m[38;5;245m(244ms)[0m
[0m[38;5;245mrunning 1 test from ./tests/release-workflow-policy.test.mjs[0m
release workflow policy ...
  uses npm package metadata that matches registry and trusted publishing expectations ... [0m[32mok[0m [0m[38;5;245m(2ms)[0m
  keeps CI and publishing in the trusted-publisher release workflow ... [0m[32mok[0m [0m[38;5;245m(11ms)[0m
  publishes with npm trusted publishing instead of token auth ... [0m[32mok[0m [0m[38;5;245m(3ms)[0m
  runs tests before publishing and preserves main-branch release runs ... [0m[32mok[0m [0m[38;5;245m(24ms)[0m
  fails release runs when the package, tag, and GitHub release already exist ... [0m[32mok[0m [0m[38;5;245m(5ms)[0m
  runs the Node.js test job on every Node.js line the library supports ... [0m[32mok[0m [0m[38;5;245m(5ms)[0m
  keeps dependency install logs quiet while auditing shipped dependencies ... [0m[32mok[0m [0m[38;5;245m(7ms)[0m
  uses current action versions and explicit job timeouts ... [0m[32mok[0m [0m[38;5;245m(1ms)[0m
  retries Deno network-import tests without hiding persistent failures ... [0m[32mok[0m [0m[38;5;245m(1ms)[0m
release workflow policy ... [0m[32mok[0m [0m[38;5;245m(127ms)[0m
[0m[38;5;245mrunning 1 test from ./tests/resolvers.test.mjs[0m
[mjs module] resolvers tests ...
  [mjs module] npm resolver resolves package path ... [0m[32mok[0m [0m[38;5;245m(954ms)[0m
  [mjs module] npm resolver resolves scoped package path for @octokit/core@6.1.5 ... [0m[32mok[0m [0m[38;5;245m(454ms)[0m
  [mjs module] npm resolver resolves package path with version ... [0m[32mok[0m [0m[38;5;245m(6s)[0m
  [mjs module] npm resolver resolves yargs/helpers ... [0m[32mok[0m [0m[38;5;245m(329ms)[0m
  [mjs module] npm resolver resolves yargs@18.0.0/helpers ... [0m[32mok[0m [0m[38;5;245m(497ms)[0m
  [mjs module] npm resolver resolves yargs@latest/helpers ... [0m[32mok[0m [0m[38;5;245m(1s)[0m
  [mjs module] skypack resolver resolves URL ... [0m[32mok[0m [0m[38;5;245m(0ms)[0m
  [mjs module] skypack resolver resolves subpath ... [0m[32mok[0m [0m[38;5;245m(0ms)[0m
  [mjs module] jsdelivr resolver resolves URL ... [0m[32mok[0m [0m[38;5;245m(2ms)[0m
  [mjs module] jsdelivr resolver resolves subpath ... [0m[32mok[0m [0m[38;5;245m(0ms)[0m
  [mjs module] unpkg resolver resolves URL ... [0m[32mok[0m [0m[38;5;245m(1ms)[0m
  [mjs module] unpkg resolver resolves subpath ... [0m[32mok[0m [0m[38;5;245m(0ms)[0m
  [mjs module] esm resolver resolves URL ... [0m[32mok[0m [0m[38;5;245m(0ms)[0m
  [mjs module] esm resolver resolves subpath ... [0m[32mok[0m [0m[38;5;245m(0ms)[0m
  [mjs module] jspm resolver resolves URL ... [0m[32mok[0m [0m[38;5;245m(1ms)[0m
  [mjs module] jspm resolver resolves subpath ... [0m[32mok[0m [0m[38;5;245m(0ms)[0m
  [mjs module] bun resolver resolves package path ... [0m[32mok[0m [0m[38;5;245m(0ms)[0m
  [mjs module] bun resolver resolves scoped package path for @octokit/core@6.1.5 ... [0m[32mok[0m [0m[38;5;245m(0ms)[0m
  [mjs module] bun resolver resolves yargs/helpers ... [0m[32mok[0m [0m[38;5;245m(0ms)[0m
  [mjs module] bun resolver resolves yargs@latest/helpers ... [0m[32mok[0m [0m[38;5;245m(0ms)[0m
[mjs module] resolvers tests ... [0m[32mok[0m [0m[38;5;245m(9s)[0m
[0m[38;5;245mrunning 1 test from ./tests/root-entries.test.mjs[0m
[mjs module] root entry mirrors ...
  [mjs module] mirrors exactly src/use.js, src/use.cjs and src/use.mjs ... [0m[32mok[0m [0m[38;5;245m(2ms)[0m
  [mjs module] use.js exists at the package root ... [0m[32mok[0m [0m[38;5;245m(1ms)[0m
  [mjs module] root use.js is in sync with src/use.js ... [0m[32mok[0m [0m[38;5;245m(25ms)[0m
  [mjs module] root use.js contains the full src/use.js body ... [0m[32mok[0m [0m[38;5;245m(12ms)[0m
  [mjs module] use.cjs exists at the package root ... [0m[32mok[0m [0m[38;5;245m(0ms)[0m
  [mjs module] root use.cjs is in sync with src/use.cjs ... [0m[32mok[0m [0m[38;5;245m(11ms)[0m
  [mjs module] root use.cjs contains the full src/use.cjs body ... [0m[32mok[0m [0m[38;5;245m(2ms)[0m
  [mjs module] use.mjs exists at the package root ... [0m[32mok[0m [0m[38;5;245m(0ms)[0m
  [mjs module] root use.mjs is in sync with src/use.mjs ... [0m[32mok[0m [0m[38;5;245m(4ms)[0m
  [mjs module] root use.mjs contains the full src/use.mjs body ... [0m[32mok[0m [0m[38;5;245m(2ms)[0m
  [mjs module] root use.js eval()s to a working use function ... [0m[32mok[0m [0m[38;5;245m(6ms)[0m
  [mjs module] the 404 "Not found" body is not a valid module body ... [0m[32mok[0m [0m[38;5;245m(4ms)[0m
  [mjs module] root use.mjs imports to a working use function ... [0m[32mok[0m [0m[38;5;245m(15ms)[0m
  [mjs module] package.json ships the root mirrors and keeps src canonical ... [0m[32mok[0m [0m[38;5;245m(1ms)[0m
[mjs module] root entry mirrors ... [0m[32mok[0m [0m[38;5;245m(186ms)[0m
[0m[38;5;245mrunning 1 test from ./tests/script-sync.test.mjs[0m
[mjs module] distributed script synchronization ...
  [mjs module] npm recovery stays synchronized across mjs, cjs, and universal builds ... [0m[32mok[0m [0m[38;5;245m(43ms)[0m
[mjs module] distributed script synchronization ... [0m[32mok[0m [0m[38;5;245m(56ms)[0m
[0m[38;5;245mrunning 1 test from ./tests/typescript.test.mjs[0m
[mjs module] typescript ...
  [mjs module] use typescript ...[0m[32mDownload[0m https://esm.sh/typescript@5.9.3
[0m[32mDownload[0m https://esm.sh/source-map-support?target=denonext
[0m[32mDownload[0m https://esm.sh/typescript@5.9.3/denonext/typescript.mjs
[0m[32mDownload[0m https://esm.sh/source-map-support@0.5.21?target=denonext
[0m[32mDownload[0m https://esm.sh/buffer-from@^1.0.0?target=denonext
[0m[32mDownload[0m https://esm.sh/source-map@^0.6.0?target=denonext
[0m[32mDownload[0m https://esm.sh/source-map-support@0.5.21/denonext/source-map-support.mjs
[0m[32mDownload[0m https://esm.sh/buffer-from@1.1.2?target=denonext
[0m[32mDownload[0m https://esm.sh/source-map@0.6.1?target=denonext
[0m[32mDownload[0m https://esm.sh/buffer-from@1.1.2/denonext/buffer-from.mjs
[0m[32mDownload[0m https://esm.sh/source-map@0.6.1/denonext/source-map.mjs
 [0m[32mok[0m [0m[38;5;245m(2s)[0m
[mjs module] typescript ... [0m[32mok[0m [0m[38;5;245m(2s)[0m
[0m[38;5;245mrunning 1 test from ./tests/use.test.mjs[0m
[mjs module] 'use' import strategies ...
  [mjs module] Direct ESM Import lodash@4.17.21 ... [0m[32mok[0m [0m[38;5;245m(105ms)[0m
  [mjs module] Dynamic ESM Import of CSJ ... [0m[32mok[0m [0m[38;5;245m(8ms)[0m
[0m[32mDownload[0m https://esm.sh/lodash@3
  [mjs module] Dynamic ESM Import of MJS ... [0m[32mok[0m [0m[38;5;245m(1ms)[0m
  [mjs module] Universal (then style) ... [0m[32mok[0m [0m[38;5;245m(0ms)[0m
  [mjs module] Universal (then style, use inside) ... [0m[32mok[0m [0m[38;5;245m(1ms)[0m
  [mjs module] Universal (eval style) ... [0m[32mok[0m [0m[38;5;245m(0ms)[0m
  [mjs module] Universal (single then style) ... [0m[32mok[0m [0m[38;5;245m(0ms)[0m
  [mjs module] use.all with require ...[0m[32mDownload[0m https://esm.sh/lodash@3.10.1
[0m[32mDownload[0m https://esm.sh/lodash@3.10.1/denonext/lodash.mjs
[0m[32mDownload[0m https://esm.sh/lodash@4
 [0m[32mok[0m [0m[38;5;245m(624ms)[0m
  [mjs module] use.all ... [0m[32mok[0m [0m[38;5;245m(5ms)[0m
  [mjs module] use.all (script) ... [0m[32mok[0m [0m[38;5;245m(0ms)[0m
  [mjs module] Universal (script) @octokit/core@6.1.5 ... [0m[32mok[0m [0m[38;5;245m(0ms)[0m
  [mjs module] Universal (script) @octokit/core@5 ... [0m[32mok[0m [0m[38;5;245m(0ms)[0m
  [mjs module] Universal (script) @octokit/core (latest) ... [0m[32mok[0m [0m[38;5;245m(0ms)[0m
  [mjs module] @octokit/core (latest) ...[0m[32mDownload[0m https://esm.sh/@octokit/core@latest
[0m[32mDownload[0m https://esm.sh/@octokit/core@7.0.8
[0m[32mDownload[0m https://esm.sh/@octokit/auth-token@^6.0.0?target=denonext
[0m[32mDownload[0m https://esm.sh/@octokit/graphql@^9.0.5?target=denonext
[0m[32mDownload[0m https://esm.sh/@octokit/request@^10.0.16?target=denonext
[0m[32mDownload[0m https://esm.sh/before-after-hook@^4.0.0?target=denonext
[0m[32mDownload[0m https://esm.sh/universal-user-agent@^7.0.0?target=denonext
[0m[32mDownload[0m https://esm.sh/@octokit/core@7.0.8/denonext/core.mjs
[0m[32mDownload[0m https://esm.sh/@octokit/auth-token@6.0.0?target=denonext
[0m[32mDownload[0m https://esm.sh/@octokit/graphql@9.0.5?target=denonext
[0m[32mDownload[0m https://esm.sh/@octokit/request@10.0.16?target=denonext
[0m[32mDownload[0m https://esm.sh/before-after-hook@4.0.0?target=denonext
[0m[32mDownload[0m https://esm.sh/universal-user-agent@7.0.3?target=denonext
[0m[32mDownload[0m https://esm.sh/@octokit/auth-token@6.0.0/denonext/auth-token.mjs
[0m[32mDownload[0m https://esm.sh/@octokit/graphql@9.0.5/denonext/graphql.mjs
[0m[32mDownload[0m https://esm.sh/@octokit/endpoint@^11.0.5?target=denonext
[0m[32mDownload[0m https://esm.sh/@octokit/request-error@^7.1.2?target=denonext
[0m[32mDownload[0m https://esm.sh/content-type@^3.0.0?target=denonext
[0m[32mDownload[0m https://esm.sh/json-with-bigint@^3.5.12?target=denonext
[0m[32mDownload[0m https://esm.sh/universal-user-agent@^7.0.2?target=denonext
[0m[32mDownload[0m https://esm.sh/@octokit/request@10.0.16/denonext/request.mjs
[0m[32mDownload[0m https://esm.sh/before-after-hook@4.0.0/denonext/before-after-hook.mjs
[0m[32mDownload[0m https://esm.sh/universal-user-agent@7.0.3/denonext/universal-user-agent.mjs
[0m[32mDownload[0m https://esm.sh/@octokit/endpoint@11.0.5?target=denonext
[0m[32mDownload[0m https://esm.sh/@octokit/request-error@7.1.2?target=denonext
[0m[32mDownload[0m https://esm.sh/content-type@3.1.0?target=denonext
[0m[32mDownload[0m https://esm.sh/json-with-bigint@3.5.12?target=denonext
[0m[32mDownload[0m https://esm.sh/@octokit/endpoint@11.0.5/denonext/endpoint.mjs
[0m[32mDownload[0m https://esm.sh/@octokit/request-error@7.1.2/denonext/request-error.mjs
[0m[32mDownload[0m https://esm.sh/content-type@3.1.0/denonext/content-type.mjs
[0m[32mDownload[0m https://esm.sh/json-with-bigint@3.5.12/denonext/json-with-bigint.mjs
 [0m[32mok[0m [0m[38;5;245m(882ms)[0m
[mjs module] 'use' import strategies ... [0m[32mok[0m [0m[38;5;245m(1s)[0m

[0m[32mok[0m | 34 passed (241 steps) | 0 failed | 0 ignored (3 steps) [0m[38;5;245m(29s)[0m

exit=0
