# v24.21.0 (/home/box/.nvm/versions/node/v24.21.0/bin/node)

## experiments/builtin-backward-compatibility.mjs

Node.js v24.21.0: 25 previously hardcoded built-ins compared (bare + node: prefixed), 0 difference(s).
experiment exit=0

## jest tests/builtin-backward-compatibility.test.mjs tests/builtin-backward-compatibility.test.cjs tests/builtin-nodejs.test.mjs tests/builtin-nodejs.test.cjs tests/builtin-universal.test.mjs tests/builtin-universal.test.cjs tests/builtin-errors.test.mjs tests/builtin-errors.test.cjs tests/dynamic-builtins.test.mjs tests/dynamic-builtins.test.cjs tests/fs-promises.test.mjs
(node:41596) ExperimentalWarning: VM Modules is an experimental feature and might change at any time
(Use `node --trace-warnings ...` to show where the warning was created)
PASS tests/builtin-errors.test.cjs
PASS tests/builtin-errors.test.mjs
PASS tests/builtin-backward-compatibility.test.cjs
PASS tests/builtin-backward-compatibility.test.mjs
PASS tests/builtin-universal.test.mjs
(node:41596) [DEP0125] DeprecationWarning: The _stream_wrap module is deprecated.
(node:41596) [DEP0025] DeprecationWarning: sys is deprecated. Use util instead.
(node:41596) ExperimentalWarning: WASI is an experimental feature and might change at any time
PASS tests/dynamic-builtins.test.cjs
PASS tests/builtin-nodejs.test.cjs
PASS tests/fs-promises.test.mjs
PASS tests/dynamic-builtins.test.mjs
PASS tests/builtin-universal.test.cjs
PASS tests/builtin-nodejs.test.mjs

Test Suites: 11 passed, 11 total
Tests:       161 passed, 161 total
Snapshots:   0 total
Time:        5.412 s, estimated 7 s
Ran all test suites matching /tests\/builtin-backward-compatibility.test.mjs|tests\/builtin-backward-compatibility.test.cjs|tests\/builtin-nodejs.test.mjs|tests\/builtin-nodejs.test.cjs|tests\/builtin-universal.test.mjs|tests\/builtin-universal.test.cjs|tests\/builtin-errors.test.mjs|tests\/builtin-errors.test.cjs|tests\/dynamic-builtins.test.mjs|tests\/dynamic-builtins.test.cjs|tests\/fs-promises.test.mjs/i.
jest exit=0
